<!--

<?)><

Public Services - Interiors
Based on Talidan's Interior Script. The coords are the same - but it's a bit different.
(c) 2008 mabako network. All Rights reserved.

-->

<map>
	<!-- Burger Shot  modified by priyen to work with NBGinteriors-->
	<interior	id="BurgerShot"	gposX="363.11"	gposY="-74.88"	gposZ="1000.55"	posX="811.982"	posY="-1616.02"	posZ="12.618"	rotation="270"	dimension="0" hposX="377.14" hposY="-67.83" hposZ="1001" 	todimension="0"		interior="10" blip="10"  bagX="377.63" bagY="-66.44" bagZ="1001.7"	marker="10"	location="Los Santos, Verona Beach"/>
	<interior	id="BurgerShot"	gposX="363.11"	gposY="-74.88"	gposZ="1000.55"	posX="1199.13"	posY="-918.071"	posZ="42.3243"	rotation="180"	dimension="0" hposX="377.14" hposY="-67.83" hposZ="1001" 	todimension="1"		interior="10" blip="10"	 bagX="377.63" bagY="-66.44" bagZ="1001.7"	marker="10"	location="Los Santos, Temple"/>
	<interior	id="BurgerShot"	gposX="363.11"	gposY="-74.88"	gposZ="1000.55"	posX="-1912.27"	posY="828.025"	posZ="34.5615"	rotation="305"	dimension="0" hposX="377.14" hposY="-67.83" hposZ="1001" 	todimension="2"		interior="10" blip="10"	 bagX="377.63" bagY="-66.44" bagZ="1001.7" 	marker="10"	location="San Fierro, Downtown"/>
	<interior	id="BurgerShot"	gposX="363.11"	gposY="-74.88"	gposZ="1000.55"	posX="-2336.95"	posY="-166.646"	posZ="34.3573"	rotation="270"	dimension="0" hposX="377.14" hposY="-67.83" hposZ="1001" 	todimension="3"		interior="10" blip="10"  bagX="377.63" bagY="-66.44" bagZ="1001.7"	marker="10"	location="San Fierro, Garcia"/>
	<interior	id="BurgerShot"	gposX="363.11"	gposY="-74.88"	gposZ="1000.55"	posX="-2356.48"	posY="1008.01"	posZ="49.9036"	rotation="90"	dimension="0" hposX="377.14" hposY="-67.83" hposZ="1001" 	todimension="4"		interior="10" blip="10"   bagX="377.63" bagY="-66.44" bagZ="1001.7"	marker="10"	location="San Fierro, Juniper Hollow"/>
	<interior	id="BurgerShot"	gposX="363.11"	gposY="-74.88"	gposZ="1000.55"	posX="2366.74"	posY="2071.02"	posZ="9.8218"	rotation="90"	dimension="0" hposX="377.14" hposY="-67.83" hposZ="1001" 	todimension="5"		interior="10" blip="10"   bagX="377.63" bagY="-66.44" bagZ="1001.7"	marker="10"	location="Las Venturas, Old Venturas Strip"/>
	<interior	id="BurgerShot"	gposX="363.11"	gposY="-74.88"	gposZ="1000.55"	posX="2472.68"	posY="2033.88"	posZ="9.822"	rotation="90"	dimension="0" hposX="377.14" hposY="-67.83" hposZ="1001" 	todimension="6"		interior="10" blip="10"   bagX="377.63" bagY="-66.44" bagZ="1001.7"	marker="10"	location="Las Venturas, Starfish Casino"/>
	<interior	id="BurgerShot"	gposX="363.11"	gposY="-74.88"	gposZ="1000.55"	posX="2169.86"	posY="2795.79"	posZ="9.89528"	rotation="270"	dimension="0" hposX="377.14" hposY="-67.83" hposZ="1001" 	todimension="7"		interior="10" blip="10"   bagX="377.63" bagY="-66.44" bagZ="1001.7"	marker="10"	location="Las Venturas, Spiny Bed"/>
	<interior	id="BurgerShot"	gposX="363.11"	gposY="-74.88"	gposZ="1000.55"	posX="1872.24"	posY="2072.07"	posZ="9.82222"	rotation="270"	dimension="0" hposX="377.14" hposY="-67.83" hposZ="1001" 	todimension="8"		interior="10" blip="10"   bagX="377.63" bagY="-66.44" bagZ="1001.7"	marker="10"	location="Las Venturas, Redsands East"/>
	<interior	id="BurgerShot"	gposX="363.11"	gposY="-74.88"	gposZ="1000.55"	posX="1158.43"	posY="2072.02"	posZ="9.82222"	rotation="270"	dimension="0" hposX="377.14" hposY="-67.83" hposZ="1001" 	todimension="9"		interior="10" blip="10"   bagX="377.63" bagY="-66.44" bagZ="1001.7"	marker="10"	location="Las Venturas, Whitewood Estates"/>


	<!-- Cluckin' Bell Happy Chicken -->
	<interior	id="CluckinBell"	gposX="365.67"	gposY="-11.61"	gposZ="1000.87"	posX="172.727"	posY="1176.68"	posZ="13.773"	rotation="180"	dimension="0" hposX="369.38" hposY="-6.32" hposZ="1001.85" 	todimension="1"		interior="9" blip="14"    bagX="377.63" bagY="-66.44" bagZ="1001.7"	marker="14"	location="Bone County, Fort Carson"/>
	<interior	id="CluckinBell"	gposX="365.67"	gposY="-11.61"	gposZ="1000.87"	posX="-1213.71"	posY="1830.46"	posZ="40.9335"	rotation="315"	dimension="0" hposX="369.38" hposY="-6.32" hposZ="1001.85" 	todimension="2"		interior="9" blip="14"    bagX="377.63" bagY="-66.44" bagZ="1001.7"	marker="14"	location="Tierra Robada"/>
	<interior	id="CluckinBell"	gposX="365.67"	gposY="-11.61"	gposZ="1000.87"	posX="-2155.03"	posY="-2460.28"	posZ="29.8484"	rotation="235"	dimension="0" hposX="369.38" hposY="-6.32" hposZ="1001.85" 	todimension="3"		interior="9" blip="14"    bagX="377.63" bagY="-66.44" bagZ="1001.7"	marker="14"	location="Whetstone, Angel Pine"/>
	<interior	id="CluckinBell"	gposX="365.67"	gposY="-11.61"	gposZ="1000.87"	posX="2419.95"	posY="-1509.8"	posZ="23.1568"	rotation="270"	dimension="0" hposX="369.38" hposY="-6.32" hposZ="1001.85" 	todimension="4"		interior="9" blip="14"    bagX="377.63" bagY="-66.44" bagZ="1001.7"	marker="14"	location="Los Santos, East Los Santos"/>
	<interior	id="CluckinBell"	gposX="365.67"	gposY="-11.61"	gposZ="1000.87"	posX="2397.83"	posY="-1898.65"	posZ="12.7131"	rotation="0"	dimension="0" hposX="369.38" hposY="-6.32" hposZ="1001.85" 	todimension="5"		interior="9" blip="14"    bagX="377.63" bagY="-66.44" bagZ="1001.7"	marker="14"	location="Los Santos, Willowfield"/>
	<interior	id="CluckinBell"	gposX="365.67"	gposY="-11.61"	gposZ="1000.87"	posX="928.525"	posY="-1352.77"	posZ="12.4344"	rotation="90"	dimension="0" hposX="369.38" hposY="-6.32" hposZ="1001.85" 	todimension="6"		interior="9" blip="14"    bagX="377.63" bagY="-66.44" bagZ="1001.7"	marker="14"	location="Los Santos, Market"/>
	<interior	id="CluckinBell"	gposX="365.67"	gposY="-11.61"	gposZ="1000.87"	posX="-1815.84"	posY="618.678"	posZ="34.2989"	rotation="180"	dimension="0" hposX="369.38" hposY="-6.32" hposZ="1001.85" 	todimension="7"		interior="9" blip="14"    bagX="377.63" bagY="-66.44" bagZ="1001.7"	marker="14"	location="San Fierro, Downtown"/>
	<interior	id="CluckinBell"	gposX="365.67"	gposY="-11.61"	gposZ="1000.87"	posX="-2671.53"	posY="258.344"	posZ="3.64932"	rotation="0"	dimension="0" hposX="369.38" hposY="-6.32" hposZ="1001.85" 	todimension="8"		interior="9" blip="14"    bagX="377.63" bagY="-66.44" bagZ="1001.7"	marker="14"	location="San Fierro, Ocean Flats"/>
	<interior	id="CluckinBell"	gposX="365.67"	gposY="-11.61"	gposZ="1000.87"	posX="2638.58"	posY="1671.18"	posZ="10.0231"	rotation="90"	dimension="0" hposX="369.38" hposY="-6.32" hposZ="1001.85" 	todimension="9"		interior="9" blip="14"    bagX="377.63" bagY="-66.44" bagZ="1001.7"	marker="14"	location="Las Venturas, Pilgrim"/>
	<interior	id="CluckinBell"	gposX="365.67"	gposY="-11.61"	gposZ="1000.87"	posX="2393.18"	posY="2041.66"	posZ="9.8472"	rotation="0"	dimension="0" hposX="369.38" hposY="-6.32" hposZ="1001.85" 	todimension="10"	interior="9" blip="14"    bagX="377.63" bagY="-66.44" bagZ="1001.7"	marker="14"	location="Las Venturas, Old Venturas Strip"/>
	<interior	id="CluckinBell"	gposX="365.67"	gposY="-11.61"	gposZ="1000.87"	posX="2838.43"	posY="2407.26"	posZ="10.061"	rotation="180"	dimension="0" hposX="369.38" hposY="-6.32" hposZ="1001.85" 	todimension="11"	interior="9" blip="14"  	marker="14"	location="Las Venturas, Creek"/>
	<interior	id="CluckinBell"	gposX="365.67"	gposY="-11.61"	gposZ="1000.87"	posX="2102.69"	posY="2228.76"	posZ="10.0579"	rotation="270"	dimension="0" hposX="369.38" hposY="-6.32" hposZ="1001.85" 	todimension="12"	interior="9" blip="14"  	marker="14"	location="Las Venturas, The Emerald Isle"/>

	<!-- The Well Stacked Pizza Company -->
	<interior	id="Pizza"		gposX="372.35"	gposY="-133.55"	gposZ="1000.45"	posX="1367.27"	posY="248.388"	posZ="18.6229"	rotation="60"	dimension="0" hposX="375.22" hposY="-119.66" hposZ="1000.49" 	todimension="1"		interior="5" blip="29"    bagX="377.63" bagY="-66.44" bagZ="1001.7"	marker="29"	location="Red County, Montgomery"/>
	<interior	id="Pizza"		gposX="372.35"	gposY="-133.55"	gposZ="1000.45"	posX="2333.43"	posY="75.0488"	posZ="25.7342"	rotation="270"	dimension="0" hposX="375.22" hposY="-119.66" hposZ="1000.49" 	todimension="2"		interior="5" blip="29"    bagX="377.63" bagY="-66.44" bagZ="1001.7"	marker="29"	location="Red County, Palomino Creek"/>
	<interior	id="Pizza"		gposX="372.35"	gposY="-133.55"	gposZ="1000.45"	posX="203.334"	posY="-202.532"	posZ="0.600709"	rotation="180"	dimension="0" hposX="375.22" hposY="-119.66" hposZ="1000.49" 	todimension="3"		interior="5" blip="29"    bagX="377.63" bagY="-66.44" bagZ="1001.7"	marker="29"	location="Red County, Blueberry"/>
	<interior	id="Pizza"		gposX="372.35"	gposY="-133.55"	gposZ="1000.45"	posX="2105.32"	posY="-1806.49"	posZ="12.6941"	rotation="90"	dimension="0" hposX="375.22" hposY="-119.66" hposZ="1000.49" 	todimension="4"		interior="5" blip="29"    bagX="377.63" bagY="-66.44" bagZ="1001.7"	marker="29"	location="Los Santos, Idlewood"/>
	<interior	id="Pizza"		gposX="372.35"	gposY="-133.55"	gposZ="1000.45"	posX="-1808.69"	posY="945.863"	posZ="23.8648"	rotation="225"	dimension="0" hposX="375.22" hposY="-119.66" hposZ="1000.49" 	todimension="5"		interior="5" blip="29"    bagX="377.63" bagY="-66.44" bagZ="1001.7"	marker="29"	location="San Fierro, Downtown"/>
	<interior	id="Pizza"		gposX="372.35"	gposY="-133.55"	gposZ="1000.45"	posX="-1721.13"	posY="1359.01"	posZ="6.19634"	rotation="90"	dimension="0" hposX="375.22" hposY="-119.66" hposZ="1000.49" 	todimension="6"		interior="5" blip="29"    bagX="377.63" bagY="-66.44" bagZ="1001.7"	marker="29"	location="San Fierro, Pier69"/>
	<interior	id="Pizza"		gposX="372.35"	gposY="-133.55"	gposZ="1000.45"	posX="2638.58"	posY="1849.97"	posZ="10.0231"	rotation="90"	dimension="0" hposX="375.22" hposY="-119.66" hposZ="1000.49" 	todimension="7"		interior="5" blip="29"    bagX="377.63" bagY="-66.44" bagZ="1001.7"	marker="29"	location="Las Venturas, Starfish Casino"/>
	<interior	id="Pizza"		gposX="372.35"	gposY="-133.55"	gposZ="1000.45"	posX="2756.01"	posY="2477.05"	posZ="10.061"	rotation="180"	dimension="0" hposX="375.22" hposY="-119.66" hposZ="1000.49" 	todimension="8"		interior="5" blip="29"    bagX="377.63" bagY="-66.44" bagZ="1001.7"	marker="29"	location="Las Venturas, Creek"/>
	<interior	id="Pizza"		gposX="372.35"	gposY="-133.55"	gposZ="1000.45"	posX="2351.89"	posY="2532.19"	posZ="9.82217"	rotation="180"	dimension="0" hposX="375.22" hposY="-119.66" hposZ="1000.49" 	todimension="9"		interior="5" blip="29"    bagX="377.63" bagY="-66.44" bagZ="1001.7"	marker="29"	location="Las Venturas, Roca Escalante"/>
	<interior	id="Pizza"  	gposX="372.35"	gposY="-133.55"	gposZ="1000.45"	posX="2083.49"	posY="2224.2"	posZ="10.0579"	rotation="180"	dimension="0" hposX="375.22" hposY="-119.66" hposZ="1000.49"	todimension="10"	interior="5" blip="29"    bagX="377.63" bagY="-66.44" bagZ="1001.7"	marker="29"	location="Las Venturas, The Emerald Isle"/>

	<!-- Ammu-Nations - there are 5, but only 4 available in-game (unless you add the last) -->
	<interior	id="Ammunation"	gposX="315.7"	gposY="-142.84"	gposZ="999.86"	posX="1368.35"	posY="-1279.06"	posZ="12.55"	rotation="90"	dimension="0" hposX="313.95" hposY="-133.69" hposZ="999.6" 	todimension="1"		interior="7" blip="6"	  bagX="315.19" bagY="-134.74" bagZ="999.9"	 marker="6"	location="Los Santos, Market"/>
	<interior	id="Ammunation"	gposX="286.15"	gposY="-41.54"	gposZ="1000.57"	posX="-2625.85"	posY="208.345"	posZ="3.98935"	rotation="0"	dimension="0" hposX="296.4" hposY="-38.5" hposZ="1000.7" 	todimension="2"		interior="1" blip="6"	  bagX="377.63" bagY="-66.44" bagZ="1001.7"	 marker="6"	location="San Fierro, Ocean Flats"/>

	<interior	id="Ammunation"	gposX="285.8"	gposY="-85.45"	gposZ="1000.54"	posX="242.668"	posY="-178.478"	posZ="0.621441"	rotation="90"	dimension="0" hposX="295.7373046875" hposY="-80.806640625" hposZ="1000.71562" 	todimension="1"		interior="4" blip="6"	  bagX="377.63" bagY="-66.44" bagZ="1001.7"	marker="6"	location="Red County, Blueberry"/>
	<interior	id="Ammunation"	gposX="285.8"	gposY="-85.45"	gposZ="1000.54"	posX="2333.43"	posY="61.5173"	posZ="25.7342"	rotation="270"	dimension="0" hposX="295.7373046875" hposY="-80.806640625" hposZ="1000.71562" 	todimension="2"		interior="4" blip="6"	  bagX="377.63" bagY="-66.44" bagZ="1001.7"	marker="6"	location="Red County, Palomino Creek"/>
	<interior	id="Ammunation"	gposX="285.8"	gposY="-85.45"	gposZ="1000.54"	posX="2159.51"	posY="943.329"	posZ="9.82339"	rotation="90"	dimension="0" hposX="295.7373046875" hposY="-80.806640625" hposZ="1000.71562" 	todimension="3"		interior="4" blip="6"	  bagX="377.63" bagY="-66.44" bagZ="1001.7"	marker="6"	location="Las Venturas, Come-A-Lot"/>
	<interior	id="Ammunation"	gposX="285.8"	gposY="-85.45"	gposZ="1000.54"	posX="2539.04"	posY="2083.56"	posZ="9.82222"	rotation="90"	dimension="0" hposX="295.7373046875" hposY="-80.806640625" hposZ="1000.71562" 	todimension="4"		interior="4" blip="6"	  bagX="377.63" bagY="-66.44" bagZ="1001.7"	marker="6"	location="Las Venturas, Old Venturas Strip"/>

	<interior	id="Ammunation"	gposX="296.92"	gposY="-111.97"	gposZ="1000.57"	posX="777.231"	posY="1871.47"	posZ="3.97687"	rotation="270"	dimension="0" hposX="287.6259765625" hposY="-109.7802734375" hposZ="1000.715625" 	todimension="1"		interior="6" blip="6"	  bagX="377.63" bagY="-66.44" bagZ="1001.7"	marker="6"	location="Bone County"/>
	<interior	id="Ammunation"	gposX="296.92"	gposY="-111.97"	gposZ="1000.57"	posX="-315.676"	posY="829.868"	posZ="13.4266"	rotation="270"	dimension="0" hposX="287.6259765625" hposY="-109.7802734375" hposZ="1000.715625" 	todimension="2"		interior="6" blip="6"	  bagX="377.63" bagY="-66.44" bagZ="1001.7"	marker="6"	location="Bone County, Fort Carson"/>
	<interior	id="Ammunation"	gposX="296.92"	gposY="-111.97"	gposZ="1000.57"	posX="-2093.51"	posY="-2464.79"	posZ="29.6404"	rotation="315"	dimension="0" hposX="287.6259765625" hposY="-109.7802734375" hposZ="1000.715625" 	todimension="3"		interior="6" blip="6"	  bagX="377.63" bagY="-66.44" bagZ="1001.7"	marker="6"	location="Whetstone, Angel Pine"/>
	<interior	id="Ammunation"	gposX="296.92"	gposY="-111.97"	gposZ="1000.57"	posX="2400.5"	posY="-1981.48"	posZ="12.5604"	rotation="0"	dimension="0" hposX="287.6259765625" hposY="-109.7802734375" hposZ="1000.715625" 	todimension="4"		interior="6" blip="6"	  bagX="377.63" bagY="-66.44" bagZ="1001.7"	marker="6"	location="Los Santos, Willowfield"/>

	<interior	id="Ammunation"	gposX="316.53"	gposY="-169.61"	gposZ="998.66"	posX="-1508.89"	posY="2610.8"	posZ="54.8902"	rotation="180"	hposX="312.1982421875" hposY="-166.140625" hposZ="998.70101318359" 	todimension="1"		interior="6" blip="6"	  bagX="377.63" bagY="-66.44" bagZ="1001.7"	 marker="6"	location="Tierra Robada, El Querebados"/>
	<interior 	id="Donot Shop" gposX="377.27" gposY="-192.9" gposZ="999.64" hposX="379.51" hposY="-190.57" hposZ="1000.43" posX="1038.19" posY="-1339.08" posZ="13.72" dimension="0" interior="17" todimension="1" blip="12" bagX="379.93" bagY="-188.38" bagZ="1000.9" location="Market, Central LS" />

</map>
